// Jest Snapshot v1, https://goo.gl/fbAQLP

exports[`MdParser parse match snapshot 1`] = `
"<h1>Test file content</h1>
<p>content</p>
"
`;
